client/actions/account.ts(23,4): error TS2322: Type 'null' is not assignable to type 'UserAccount'.
client/components/account/Password.tsx(54,13): error TS18046: 'err' is of type 'unknown'.
client/components/admin/manage-user/BanUser.tsx(99,3): error TS2722: Cannot invoke an object which is possibly 'undefined'.
client/components/common/avatar/Avatar.tsx(95,6): error TS2322: Type 'string | null' is not assignable to type 'LocationDescriptor<unknown> | ((location: Location<unknown>) => LocationDescriptor<unknown>)'.
  Type 'null' is not assignable to type 'LocationDescriptor<unknown> | ((location: Location<unknown>) => LocationDescriptor<unknown>)'.
client/components/common/avatar/AvatarDropdown.tsx(50,27): error TS2322: Type 'Profile | undefined' is not assignable to type 'Profile'.
  Type 'undefined' is not assignable to type 'Profile'.
client/components/common/avatar/AvatarImage.tsx(71,15): error TS2345: Argument of type 'UserAccount | PublicUserAccount | UserAccountForAdmin | undefined' is not assignable to parameter of type 'UserAccount | PublicUserAccount'.
  Type 'undefined' is not assignable to type 'UserAccount | PublicUserAccount'.
client/components/common/avatar/AvatarImage.tsx(90,7): error TS2322: Type 'string | null' is not assignable to type 'string | undefined'.
  Type 'null' is not assignable to type 'string | undefined'.
client/components/common/avatar/AvatarImage.tsx(90,35): error TS2345: Argument of type 'string | undefined' is not assignable to parameter of type 'string'.
  Type 'undefined' is not assignable to type 'string'.
client/components/common/avatar/AvatarImage.tsx(97,22): error TS18048: 'user' is possibly 'undefined'.
client/components/common/avatar/AvatarImage.tsx(97,30): error TS18048: 'user' is possibly 'undefined'.
client/components/common/Button.tsx(214,23): error TS2322: Type '{ title?: string | undefined; description?: string | undefined; buttonProps?: ButtonProps | undefined; buttonText?: string | undefined; hideInput?: boolean | undefined; ... 11 more ...; fullSize?: boolean | undefined; }' is not assignable to type 'ConfirmModalProps'.
  Types of property 'title' are incompatible.
    Type 'string | undefined' is not assignable to type 'string'.
      Type 'undefined' is not assignable to type 'string'.
client/components/common/ConfirmModal.tsx(74,13): error TS18046: 'e' is of type 'unknown'.
client/components/common/CopyText.tsx(28,28): error TS2554: Expected 1 arguments, but got 0.
client/components/common/CopyText.tsx(68,4): error TS2783: 'gray' is specified more than once, so this usage will be overwritten.
client/components/common/HorizontalNav.tsx(26,67): error TS2345: Argument of type 'null' is not assignable to parameter of type 'HorizontalNavTab | (() => HorizontalNavTab)'.
client/components/common/PaginatedList.tsx(35,4): error TS2322: Type 'string | undefined' is not assignable to type 'string'.
  Type 'undefined' is not assignable to type 'string'.
client/components/common/ScramblePicker.tsx(69,4): error TS2783: 'options' is specified more than once, so this usage will be overwritten.
client/components/common/slideshow/SlideShow.tsx(20,66): error TS2345: Argument of type 'null' is not assignable to parameter of type 'ISlideShowContext'.
client/components/common/Tag.tsx(26,40): error TS2345: Argument of type 'ColorName | undefined' is not assignable to parameter of type 'ColorName'.
  Type 'undefined' is not assignable to type 'ColorName'.
client/components/common/Tag.tsx(27,34): error TS2345: Argument of type 'ColorName | undefined' is not assignable to parameter of type 'ColorName'.
  Type 'undefined' is not assignable to type 'ColorName'.
client/components/layout/App.tsx(104,12): error TS2322: Type 'string | undefined' is not assignable to type 'string'.
  Type 'undefined' is not assignable to type 'string'.
client/components/layout/nav/MobileNav.tsx(42,7): error TS2322: Type '{ link: string; text: string; icon: ReactNode; disabled: boolean; }[]' is not assignable to type 'IDropdownOption[]'.
  Type '{ link: string; text: string; icon: React.ReactNode; disabled: boolean; }' is not assignable to type 'IDropdownOption'.
    Types of property 'icon' are incompatible.
      Type 'ReactNode' is not assignable to type 'ReactElement<unknown, string | JSXElementConstructor<any>> | undefined'.
        Type 'null' is not assignable to type 'ReactElement<unknown, string | JSXElementConstructor<any>> | undefined'.
client/components/layout/Routes.ts(124,87): error TS2322: Type '(store: Store<any, UnknownAction, unknown>, req: Request<ParamsDictionary, any, any, ParsedQs, Record<string, any>>) => Promise<...>' is not assignable to type '(store: Store<any, UnknownAction, unknown>, req: Request) => Promise<any>'.
  Types of parameters 'req' and 'req' are incompatible.
    Type 'Request' is missing the following properties from type 'Request<ParamsDictionary, any, any, ParsedQs, Record<string, any>>': cookies, signedCookies, get, header, and 77 more.
client/components/layout/themes.ts(36,57): error TS2345: Argument of type 'string | undefined' is not assignable to parameter of type 'string'.
  Type 'undefined' is not assignable to type 'string'.
client/components/layout/themes.ts(39,15): error TS2345: Argument of type 'string | undefined' is not assignable to parameter of type 'string'.
  Type 'undefined' is not assignable to type 'string'.
client/components/layout/TopNav.tsx(48,7): error TS2322: Type 'string | null' is not assignable to type 'string | undefined'.
  Type 'null' is not assignable to type 'string | undefined'.
client/components/modules/history/History.tsx(81,40): error TS2345: Argument of type '(Solve & LokiObj) | null' is not assignable to parameter of type 'Solve'.
  Type 'null' is not assignable to type 'Solve'.
client/components/modules/history/History.tsx(85,44): error TS2345: Argument of type '(Solve & LokiObj) | null' is not assignable to parameter of type 'Solve'.
  Type 'null' is not assignable to type 'Solve'.
client/components/modules/history/History.tsx(89,48): error TS2345: Argument of type '(Solve & LokiObj) | null' is not assignable to parameter of type 'Solve'.
  Type 'null' is not assignable to type 'Solve'.
client/components/modules/history/History.tsx(93,41): error TS2345: Argument of type '(Solve & LokiObj) | null' is not assignable to parameter of type 'Solve'.
  Type 'null' is not assignable to type 'Solve'.
client/components/modules/last-solve/LastSolve.tsx(40,30): error TS18047: 'lastSolve' is possibly 'null'.
client/components/modules/last-solve/LastSolve.tsx(45,30): error TS18047: 'lastSolve' is possibly 'null'.
client/components/modules/last-solve/LastSolve.tsx(50,42): error TS18047: 'lastSolve' is possibly 'null'.
client/components/modules/last-solve/LastSolve.tsx(54,30): error TS18047: 'lastSolve' is possibly 'null'.
client/components/modules/quick-stats/customize-stats/CustomizeStats.tsx(12,9): error TS2305: Module '"react-redux"' has no exported member 'RootStateOrAny'.
client/components/modules/quick-stats/customize-stats/CustomizeStatsEditor.tsx(38,26): error TS2554: Expected 1 arguments, but got 0.
client/components/modules/quick-stats/customize-stats/CustomizeStatsEditor.tsx(41,45): error TS2345: Argument of type 'null' is not assignable to parameter of type 'string | (() => string)'.
client/components/modules/quick-stats/customize-stats/CustomizeStatsEditor.tsx(111,12): error TS2345: Argument of type 'null' is not assignable to parameter of type 'SetStateAction<string>'.
client/components/modules/quick-stats/customize-stats/CustomizeStatsEditor.tsx(226,4): error TS2322: Type '(colorName: ColorName) => void' is not assignable to type '(colorHex: string) => void'.
  Types of parameters 'colorName' and 'colorHex' are incompatible.
    Type 'string' is not assignable to type 'ColorName'.
client/components/modules/quick-stats/QuickStats.tsx(3,9): error TS2305: Module '"react-redux"' has no exported member 'RootStateOrAny'.
client/components/modules/quick-stats/QuickStatsBlock.tsx(31,24): error TS2554: Expected 1 arguments, but got 0.
client/components/modules/quick-stats/QuickStatsBlock.tsx(98,7): error TS18048: 'solveCount' is possibly 'undefined'.
client/components/modules/quick-stats/QuickStatsBlock.tsx(103,7): error TS2322: Type 'Solve[] | undefined' is not assignable to type 'Solve[]'.
  Type 'undefined' is not assignable to type 'Solve[]'.
client/components/modules/quick-stats/QuickStatsBlock.tsx(109,43): error TS18048: 'statsBlockSolvesFilter.solve' is possibly 'undefined'.
client/components/modules/quick-stats/util.ts(64,6): error TS2322: Type 'null' is not assignable to type 'SolveStat'.
  Type 'null' is not assignable to type 'SolveCacheKey'.
client/components/modules/quick-stats/util.ts(68,4): error TS2322: Type 'SolveStat | null' is not assignable to type 'SolveStat'.
  Type 'null' is not assignable to type 'SolveStat'.
    Type 'null' is not assignable to type 'SolveCacheKey'.
client/components/modules/quick-stats/util.ts(70,4): error TS2322: Type 'SolveStat | null' is not assignable to type 'SolveStat'.
  Type 'null' is not assignable to type 'SolveStat'.
    Type 'null' is not assignable to type 'SolveCacheKey'.
client/components/modules/quick-stats/util.ts(76,4): error TS2322: Type 'SolveStat | null' is not assignable to type 'SolveStat'.
  Type 'null' is not assignable to type 'SolveStat'.
    Type 'null' is not assignable to type 'SolveCacheKey'.
client/components/modules/quick-stats/util.ts(78,4): error TS2322: Type 'SolveStat | null' is not assignable to type 'SolveStat'.
  Type 'null' is not assignable to type 'SolveStat'.
    Type 'null' is not assignable to type 'SolveCacheKey'.
client/components/modules/scramble/Face.tsx(16,39): error TS18048: 'size' is possibly 'undefined'.
client/components/modules/scramble/Face.tsx(21,22): error TS18048: 'size' is possibly 'undefined'.
client/components/modules/scramble/Face.tsx(23,23): error TS18048: 'size' is possibly 'undefined'.
client/components/modules/scramble/Face.tsx(35,3): error TS2533: Object is possibly 'null' or 'undefined'.
client/components/modules/scramble/Face.tsx(40,2): error TS2588: Cannot assign to 'content' because it is a constant.
client/components/modules/solves-text/SolvesText.tsx(47,16): error TS2345: Argument of type 'number' is not assignable to parameter of type 'string'.
client/components/play/game/GameTimer.tsx(46,69): error TS2345: Argument of type 'Match | null | undefined' is not assignable to parameter of type 'Match | undefined'.
  Type 'null' is not assignable to type 'Match | undefined'.
client/components/play/match/ActivePlayers.tsx(20,21): error TS2345: Argument of type '"roomSizeUpdate"' is not assignable to parameter of type 'ReservedOrUserEventNames<SocketReservedEvents, ServerToClientEvents>'.
client/components/play/match/ActivePlayers.tsx(36,23): error TS2345: Argument of type 'SocketConst.WATCH_ROOM_SIZES' is not assignable to parameter of type '"playerEnteredMatch" | "playerJoinedLobby" | "playerLeftLobby" | "playerStartedSolve" | "playerEndedSolve" | "playerResignedMatch" | "playerAbortedMatch" | "playerSolveSaved" | ... 8 more ... | "rejoinMyRooms"'.
client/components/play/match/ActivePlayers.tsx(40,23): error TS2345: Argument of type 'SocketConst.STOP_WATCHING_ROOM_SIZES' is not assignable to parameter of type '"playerEnteredMatch" | "playerJoinedLobby" | "playerLeftLobby" | "playerStartedSolve" | "playerEndedSolve" | "playerResignedMatch" | "playerAbortedMatch" | "playerSolveSaved" | ... 8 more ... | "rejoinMyRooms"'.
client/components/play/match/events/helpers.ts(4,27): error TS2307: Cannot find module '../../../../server/schemas/UserAccount.schema' or its corresponding type declarations.
client/components/play/match/events/helpers.ts(22,39): error TS2345: Argument of type 'null' is not assignable to parameter of type 'string'.
client/components/play/match/events/helpers.ts(29,3): error TS2322: Type 'string | null' is not assignable to type 'string'.
  Type 'null' is not assignable to type 'string'.
client/components/play/match/events/opponent.ts(11,18): error TS18048: 'opponent.profile' is possibly 'undefined'.
client/components/play/match/events/opponent.ts(20,18): error TS18048: 'opponent.profile' is possibly 'undefined'.
client/components/play/match/events/opponent.ts(29,18): error TS18048: 'opponent.profile' is possibly 'undefined'.
client/components/play/match/events/opponent.ts(35,18): error TS18048: 'opponent.profile' is possibly 'undefined'.
client/components/play/match/events/opponent.ts(43,18): error TS18048: 'opponent.profile' is possibly 'undefined'.
client/components/play/match/events/opponent.ts(51,18): error TS18048: 'opponent.profile' is possibly 'undefined'.
client/components/play/match/events/opponent.ts(57,18): error TS18048: 'opponent.profile' is possibly 'undefined'.
client/components/play/match/events/timer.ts(14,46): error TS2345: Argument of type 'string | undefined' is not assignable to parameter of type 'string'.
  Type 'undefined' is not assignable to type 'string'.
client/components/play/match/events/timer.ts(25,44): error TS2345: Argument of type 'string | undefined' is not assignable to parameter of type 'string'.
  Type 'undefined' is not assignable to type 'string'.
client/components/play/match/events/update.ts(55,4): error TS2322: Type 'string | undefined' is not assignable to type 'string'.
  Type 'undefined' is not assignable to type 'string'.
client/components/play/match/helpers/state.ts(49,21): error TS18048: 'match.participants' is possibly 'undefined'.
client/components/play/match/helpers/state.ts(51,4): error TS2322: Type 'Solve[]' is not assignable to type 'never[]'.
  Type 'Solve' is not assignable to type 'never'.
client/components/play/match/helpers/state.ts(53,4): error TS2322: Type 'Solve[] | undefined' is not assignable to type 'Solve[]'.
  Type 'undefined' is not assignable to type 'Solve[]'.
client/components/play/match/Listeners.tsx(36,4): error TS2322: Type 'number' is not assignable to type 'null'.
client/components/play/match/Listeners.tsx(40,38): error TS2345: Argument of type 'null' is not assignable to parameter of type 'number | undefined'.
client/components/play/match/match-over/MatchOver.tsx(33,22): error TS18048: 'match.participants' is possibly 'undefined'.
client/components/play/match/match-over/MatchOver.tsx(49,22): error TS18048: 'match.participants' is possibly 'undefined'.
client/components/play/match/match-over/MatchOver.tsx(156,30): error TS2322: Type 'EloLog[] | undefined' is not assignable to type 'EloLog[]'.
  Type 'undefined' is not assignable to type 'EloLog[]'.
client/components/play/match/match-popup/custom-match/CustomMatch.tsx(27,44): error TS2345: Argument of type 'null' is not assignable to parameter of type 'Match | (() => Match)'.
client/components/play/match/match-popup/MatchPopup.tsx(35,68): error TS2345: Argument of type 'null' is not assignable to parameter of type 'IMatchPopupContext'.
client/components/play/target/MatchModule.tsx(16,69): error TS2345: Argument of type 'Match | null | undefined' is not assignable to parameter of type 'Match | undefined'.
  Type 'null' is not assignable to type 'Match | undefined'.
client/components/play/target/target-sessions/TargetSession.tsx(31,24): error TS2322: Type '{ id: string; created_at: string; user_id: string; cube_type: string | null; match_id: string | null; ended_at: number | null; started_at: number | null; time: number; raw_time: number | null; ... 18 more ...; training_session_id: string | null; }[]' is not assignable to type 'Solve[]'.
  Property 'demo_mode' is missing in type '{ id: string; created_at: string; user_id: string; cube_type: string | null; match_id: string | null; ended_at: number | null; started_at: number | null; time: number; raw_time: number | null; ... 18 more ...; training_session_id: string | null; }' but required in type 'Solve'.
client/components/play/target/TargetStatus.tsx(16,69): error TS2345: Argument of type 'Match | null | undefined' is not assignable to parameter of type 'Match | undefined'.
  Type 'null' is not assignable to type 'Match | undefined'.
client/components/play/target/TargetTimes.tsx(84,4): error TS2345: Argument of type 'Match | null | undefined' is not assignable to parameter of type 'Match | undefined'.
  Type 'null' is not assignable to type 'Match | undefined'.
client/components/sessions/CreateNewSession.tsx(36,4): error TS2722: Cannot invoke an object which is possibly 'undefined'.
client/components/sessions/SessionPicker.tsx(28,22): error TS2345: Argument of type '(Omit<{ id: string; created_at: Date; user_id: string; name: string; order: number; }, "created_at"> & { created_at: string | Date; demo_mode?: boolean | undefined; } & LokiObj) | null' is not assignable to parameter of type 'SetStateAction<Session | undefined>'.
  Type 'null' is not assignable to type 'SetStateAction<Session | undefined>'.
client/components/solve-info/SolutionInfo.tsx(76,44): error TS2345: Argument of type 'Iterable<ReactNode> | null' is not assignable to parameter of type 'ReactNode[] | undefined'.
  Type 'null' is not assignable to type 'ReactNode[] | undefined'.
client/components/solve-info/SolutionInfo.tsx(84,5): error TS2345: Argument of type '{ step_name: string; tps: number; turn_count: number; total_time: number; turns: string; }' is not assignable to parameter of type 'SolveMethodStep'.
  Type '{ step_name: string; tps: number; turn_count: number; total_time: number; turns: string; }' is missing the following properties from type 'SolveMethodStep': id, solve_id, recognition_time, oll_case_key, and 6 more.
client/components/solve-info/SolveInfo.tsx(41,44): error TS2345: Argument of type 'Solve | undefined' is not assignable to parameter of type 'Solve | (() => Solve)'.
  Type 'undefined' is not assignable to type 'Solve | (() => Solve)'.
client/components/solve-info/SolveInfo.tsx(43,48): error TS2345: Argument of type 'null' is not assignable to parameter of type 'Solve | (() => Solve)'.
client/components/solve-info/SolveInfo.tsx(56,3): error TS2740: Type '{ id: string; username: string; profile: { profile: string; }; }' is missing the following properties from type 'IPublicUserAccount': admin, mod, created_at, verified, and 3 more.
client/components/solve-info/SolveInfo.tsx(73,5): error TS2353: Object literal may only specify known properties, and 'id' does not exist in type '{ solve: Solve; }'.
client/components/solve-info/SolveInfo.tsx(95,3): error TS2722: Cannot invoke an object which is possibly 'undefined'.
client/components/solve-info/stats-info/RecognitionChart.tsx(57,5): error TS2345: Argument of type '{ step_name: string; recognition_time: number; }' is not assignable to parameter of type 'SolveMethodStep'.
  Type '{ step_name: string; recognition_time: number; }' is missing the following properties from type 'SolveMethodStep': id, solve_id, turn_count, turns, and 9 more.
client/components/solve-page/SolvePage.tsx(42,8): error TS2322: Type 'string | string[]' is not assignable to type 'string'.
  Type 'string[]' is not assignable to type 'string'.
client/components/solves/bulk-actions/actions/EventTypeSelector.tsx(16,53): error TS2345: Argument of type 'null' is not assignable to parameter of type 'CubeType | (() => CubeType)'.
client/components/solves/bulk-actions/actions/EventTypeSelector.tsx(47,20): error TS2722: Cannot invoke an object which is possibly 'undefined'.
client/components/solves/bulk-actions/actions/SessionSelector.tsx(16,50): error TS2345: Argument of type 'null' is not assignable to parameter of type 'Session | (() => Session)'.
client/components/solves/bulk-actions/actions/SessionSelector.tsx(40,20): error TS2722: Cannot invoke an object which is possibly 'undefined'.
client/components/stats/all/AllStatsFeatured.tsx(23,3): error TS2322: Type 'CubeType' is not assignable to type 'null'.
client/components/stats/all/AllStatsFeatured.tsx(65,25): error TS2339: Property 'name' does not exist on type 'never'.
client/components/stats/common/AvgRow.tsx(27,3): error TS2322: Type 'SolveStat | null' is not assignable to type 'SolveStat'.
  Type 'null' is not assignable to type 'SolveStat'.
    Type 'null' is not assignable to type 'SolveCacheKey'.
client/components/stats/common/AvgRow.tsx(29,3): error TS2322: Type 'SolveStat | null' is not assignable to type 'SolveStat'.
  Type 'null' is not assignable to type 'SolveStat'.
    Type 'null' is not assignable to type 'SolveCacheKey'.
client/components/stats/common/AvgRow.tsx(41,36): error TS2322: Type 'Solve[] | undefined' is not assignable to type 'Solve[]'.
  Type 'undefined' is not assignable to type 'Solve[]'.
client/components/stats/common/MatchStats.tsx(34,7): error TS2322: Type 'null' is not assignable to type 'LabelRenderFunction<{ title: string; value: number; color: string; }> | undefined'.
client/components/stats/cube-stats/CubeStatsFeatured.tsx(38,26): error TS18048: 'singlePb.solve' is possibly 'undefined'.
client/components/stats/cube-stats/CubeStatsFeatured.tsx(38,26): error TS2769: No overload matches this call.
  Overload 1 of 4, '(value: string | number | Date): Date', gave the following error.
    Argument of type 'number | undefined' is not assignable to parameter of type 'string | number | Date'.
      Type 'undefined' is not assignable to type 'string | number | Date'.
  Overload 2 of 4, '(value: string | number): Date', gave the following error.
    Argument of type 'number | undefined' is not assignable to parameter of type 'string | number'.
      Type 'undefined' is not assignable to type 'string | number'.
client/components/stats/cube-stats/CubeStatsFeatured.tsx(44,30): error TS2345: Argument of type 'Solve | undefined' is not assignable to parameter of type 'Solve'.
  Type 'undefined' is not assignable to type 'Solve'.
client/components/stats/cube-stats/CubeStatsFeatured.tsx(47,26): error TS2345: Argument of type 'number | undefined' is not assignable to parameter of type 'number | Solve'.
  Type 'undefined' is not assignable to type 'number | Solve'.
client/components/stats/cube-stats/CubeStatsFeatured.tsx(66,8): error TS2322: Type 'string | undefined' is not assignable to type 'string'.
  Type 'undefined' is not assignable to type 'string'.
client/components/stats/cube-stats/CubeStatsFeatured.tsx(67,8): error TS2322: Type 'string | undefined' is not assignable to type 'string'.
  Type 'undefined' is not assignable to type 'string'.
client/components/stats/Stats.tsx(24,58): error TS2345: Argument of type 'null' is not assignable to parameter of type 'IStatsContext'.
client/components/timer/footer/TimerModule.tsx(52,8): error TS2322: Type '{ history: FooterModuleData | { module: React.JSX.Element; proOnly: false; }; last_solve: FooterModuleData | { module: React.JSX.Element; proOnly: false; }; ... 8 more ...; none: FooterModuleData; }' is not assignable to type 'Record<TimerModuleType, FooterModuleData>'.
  Types of property 'trainer_algo' are incompatible.
    Type 'FooterModuleData | undefined' is not assignable to type 'FooterModuleData'.
      Type 'undefined' is not assignable to type 'FooterModuleData'.
client/components/timer/footer/TimerModule.tsx(66,22): error TS2322: Type 'string | undefined' is not assignable to type 'string'.
  Type 'undefined' is not assignable to type 'string'.
client/components/timer/footer/TimerModule.tsx(66,42): error TS2322: Type 'string | undefined' is not assignable to type 'string'.
  Type 'undefined' is not assignable to type 'string'.
client/components/timer/footer/TimerModule.tsx(105,61): error TS2345: Argument of type 'import("/Users/kash/Developer/cubedesk/client/components/timer/@types/enums").TimerModuleType | undefined' is not assignable to parameter of type 'string'.
  Type 'undefined' is not assignable to type 'string'.
client/components/timer/header-control/HeaderControl.tsx(47,17): error TS2339: Property 'isEnabled' does not exist on type '{ request(element: HTMLElement | undefined, options: any): Promise<unknown>; exit(): Promise<unknown>; toggle(element: any, options: any): any; onchange(callback: any): void; onerror(callback: any): void; on(event: any, callback: any): void; off(event: any, callback: any): void; raw: {}; }'.
client/components/timer/header-control/HeaderControl.tsx(49,69): error TS2339: Property 'isFullscreen' does not exist on type '{ request(element: HTMLElement | undefined, options: any): Promise<unknown>; exit(): Promise<unknown>; toggle(element: any, options: any): any; onchange(callback: any): void; onerror(callback: any): void; on(event: any, callback: any): void; off(event: any, callback: any): void; raw: {}; }'.
client/components/timer/header-control/HeaderControl.tsx(98,4): error TS2322: Type 'string | undefined' is not assignable to type 'string'.
  Type 'undefined' is not assignable to type 'string'.
client/components/timer/header-control/HeaderControl.tsx(139,26): error TS2339: Property 'isEnabled' does not exist on type '{ request(element: HTMLElement | undefined, options: any): Promise<unknown>; exit(): Promise<unknown>; toggle(element: any, options: any): any; onchange(callback: any): void; onerror(callback: any): void; on(event: any, callback: any): void; off(event: any, callback: any): void; raw: {}; }'.
client/components/timer/header-control/HeaderControl.tsx(140,32): error TS2554: Expected 2 arguments, but got 0.
client/components/timer/helpers/events.ts(27,3): error TS2322: Type 'null' is not assignable to type 'ReactComponentElement<any, Pick<any, string | number | symbol>> | undefined'.
client/components/timer/helpers/events.ts(64,22): error TS2345: Argument of type 'number | undefined' is not assignable to parameter of type 'number'.
  Type 'undefined' is not assignable to type 'number'.
client/components/timer/helpers/events.ts(123,27): error TS18048: 'insTimer' is possibly 'undefined'.
client/components/timer/helpers/events.ts(125,34): error TS18048: 'insTimer' is possibly 'undefined'.
client/components/timer/helpers/events.ts(134,8): error TS18048: 'insTimer' is possibly 'undefined'.
client/components/timer/helpers/events.ts(138,22): error TS18048: 'insTimer' is possibly 'undefined'.
client/components/timer/helpers/notification.tsx(37,38): error TS2769: No overload matches this call.
  The last overload gave the following error.
    Argument of type 'ReactComponentElement<any, Pick<any, string | number | symbol>> | undefined' is not assignable to parameter of type 'ReactElement<Pick<any, string | number | symbol>, string | JSXElementConstructor<any>>'.
      Type 'undefined' is not assignable to type 'ReactElement<Pick<any, string | number | symbol>, string | JSXElementConstructor<any>>'.
client/components/timer/helpers/notification.tsx(47,32): error TS2345: Argument of type 'null' is not assignable to parameter of type 'ReactComponentElement<any, Pick<any, string | number | symbol>> | undefined'.
client/components/timer/helpers/pb.ts(11,5): error TS2322: Type 'null' is not assignable to type 'Date'.
client/components/timer/helpers/save.ts(20,2): error TS2322: Type 'boolean | undefined' is not assignable to type 'boolean'.
  Type 'undefined' is not assignable to type 'boolean'.
client/components/timer/helpers/save.ts(21,2): error TS2322: Type 'boolean | undefined' is not assignable to type 'boolean'.
  Type 'undefined' is not assignable to type 'boolean'.
client/components/timer/helpers/save.ts(28,3): error TS2322: Type 'boolean | undefined' is not assignable to type 'boolean'.
  Type 'undefined' is not assignable to type 'boolean'.
client/components/timer/helpers/save.ts(29,3): error TS2322: Type 'number | bigint' is not assignable to type 'number'.
  Type 'bigint' is not assignable to type 'number'.
client/components/timer/helpers/save.ts(30,3): error TS2322: Type 'number | bigint' is not assignable to type 'number'.
  Type 'bigint' is not assignable to type 'number'.
client/components/timer/helpers/save.ts(33,3): error TS2322: Type 'string | undefined' is not assignable to type 'string'.
  Type 'undefined' is not assignable to type 'string'.
client/components/timer/helpers/save.ts(48,37): error TS18048: 'context.sessionSolveCount' is possibly 'undefined'.
client/components/timer/helpers/scramble.ts(63,33): error TS2345: Argument of type 'string | undefined' is not assignable to parameter of type 'string'.
  Type 'undefined' is not assignable to type 'string'.
client/components/timer/key-watcher/KeyWatcher.tsx(110,45): error TS2345: Argument of type 'string | undefined' is not assignable to parameter of type 'string'.
  Type 'undefined' is not assignable to type 'string'.
client/components/timer/smart-cube/manage-smart-cubes/SmartManage.tsx(10,21): error TS18049: 'cube.solves' is possibly 'null' or 'undefined'.
client/components/timer/time-display/GanTimer.tsx(39,3): error TS2322: Type 'Subscription | undefined' is not assignable to type 'SubscriptionLike | null'.
  Type 'undefined' is not assignable to type 'SubscriptionLike | null'.
client/components/timer/time-display/GanTimer.tsx(60,34): error TS18048: 'event.recordedTime' is possibly 'undefined'.
client/components/timer/time-display/GanTimer.tsx(66,6): error TS18048: 'contextRef.current.finalTime' is possibly 'undefined'.
client/components/timer/time-display/Manual.tsx(12,22): error TS2554: Expected 1 arguments, but got 0.
client/components/timer/time-display/Manual.tsx(38,42): error TS2345: Argument of type 'string | undefined' is not assignable to parameter of type 'string'.
  Type 'undefined' is not assignable to type 'string'.
client/components/timer/time-display/TimeDisplay.tsx(57,21): error TS18048: 'finalTime' is possibly 'undefined'.
client/components/timer/time-display/TimeDisplay.tsx(65,7): error TS18048: 'finalTime' is possibly 'undefined'.
client/components/timer/time-display/TimeDisplay.tsx(68,12): error TS18048: 'finalTime' is possibly 'undefined'.
client/components/timer/time-display/TimeDisplay.tsx(71,16): error TS2769: No overload matches this call.
  Overload 1 of 2, '(timeoutId: string | number | Timeout | undefined): void', gave the following error.
    Argument of type 'Timeout | null' is not assignable to parameter of type 'string | number | Timeout | undefined'.
      Type 'null' is not assignable to type 'string | number | Timeout | undefined'.
  Overload 2 of 2, '(id: number | undefined): void', gave the following error.
    Argument of type 'Timeout | null' is not assignable to parameter of type 'number | undefined'.
      Type 'null' is not assignable to type 'number | undefined'.
client/components/timer/time-display/TimeDisplay.tsx(107,7): error TS18048: 'inspectionTimer' is possibly 'undefined'.
client/components/timer/time-display/TimeDisplay.tsx(110,21): error TS18048: 'inspectionTimer' is possibly 'undefined'.
client/components/timer/time-display/TimeDisplay.tsx(129,35): error TS2345: Argument of type 'string | undefined' is not assignable to parameter of type 'string'.
  Type 'undefined' is not assignable to type 'string'.
client/components/timer/time-display/timer-scramble/SmartScramble.tsx(24,24): error TS18048: 'scramble' is possibly 'undefined'.
client/components/timer/time-display/timer-scramble/TimerScramble.tsx(52,33): error TS2345: Argument of type 'string | null | undefined' is not assignable to parameter of type 'string'.
  Type 'undefined' is not assignable to type 'string'.
client/components/timer/time-display/timer-scramble/TimerScramble.tsx(60,27): error TS2339: Property 'focus' does not exist on type 'never'.
client/components/timer/time-display/timer-scramble/TimerScramble.tsx(134,6): error TS2322: Type 'string | undefined' is not assignable to type 'string'.
  Type 'undefined' is not assignable to type 'string'.
client/components/timer/Timer.tsx(3,9): error TS2305: Module '"react-redux"' has no exported member 'RootStateOrAny'.
client/components/timer/Timer.tsx(25,58): error TS2345: Argument of type 'null' is not assignable to parameter of type 'ITimerContext'.
client/components/timer/Timer.tsx(169,5): error TS2322: Type 'string | null' is not assignable to type 'string | undefined'.
  Type 'null' is not assignable to type 'string | undefined'.
client/components/trainer/add-custom/AddCustom.tsx(79,13): error TS2345: Argument of type '{ [x: string]: string | null; }' is not assignable to parameter of type 'SetStateAction<ColorMap>'.
  Type '{ [x: string]: string | null; }' is not assignable to type 'ColorMap'.
    'string' index signatures are incompatible.
      Type 'string | null' is not assignable to type 'string'.
        Type 'null' is not assignable to type 'string'.
client/components/trainer/add-custom/AddCustom.tsx(136,4): error TS2722: Cannot invoke an object which is possibly 'undefined'.
client/components/trainer/add-custom/AddCustom.tsx(138,13): error TS18046: 'e' is of type 'unknown'.
client/components/trainer/add-custom/CubeBuilder.tsx(50,22): error TS18048: 'cubeTypeInfo.size' is possibly 'undefined'.
client/components/trainer/add-custom/CubeBuilder.tsx(52,21): error TS18048: 'cubeTypeInfo.size' is possibly 'undefined'.
client/components/trainer/add-custom/CubeBuilder.tsx(52,46): error TS18048: 'cubeTypeInfo.size' is possibly 'undefined'.
client/components/trainer/AlgoVisual.tsx(22,39): error TS2345: Argument of type 'string | undefined' is not assignable to parameter of type 'string'.
  Type 'undefined' is not assignable to type 'string'.
client/components/trainer/AlgoVisual.tsx(27,18): error TS18048: 'colors' is possibly 'undefined'.
client/components/trainer/AlgoVisual.tsx(42,21): error TS18048: 'cubeSize' is possibly 'undefined'.
client/components/trainer/AlgoVisual.tsx(101,24): error TS18048: 'cubeSize' is possibly 'undefined'.
client/components/trainer/AlgoVisual.tsx(102,25): error TS18048: 'cubeSize' is possibly 'undefined'.
client/components/trainer/CustomVisual.tsx(29,21): error TS18048: 'cubeSize' is possibly 'undefined'.
client/components/trainer/CustomVisual.tsx(89,24): error TS18048: 'cubeSize' is possibly 'undefined'.
client/components/trainer/CustomVisual.tsx(90,25): error TS18048: 'cubeSize' is possibly 'undefined'.
client/components/trainer/CustomVisual.tsx(95,7): error TS2322: Type 'null' is not assignable to type 'string'.
client/components/trainer/public-custom-trainers/PublicTrainer.tsx(73,15): error TS18046: 'e' is of type 'unknown'.
client/components/trainer/trainer-algo/TrainerAlgo.tsx(91,9): error TS2322: Type '() => void' is not assignable to type '() => Promise<any>'.
  Type 'void' is not assignable to type 'Promise<any>'.
client/components/trainer/Trainer.tsx(46,62): error TS2345: Argument of type 'null' is not assignable to parameter of type 'ITrainerContext'.
client/components/trainer/Trainer.tsx(113,21): error TS18049: 'algo.scrambles' is possibly 'null' or 'undefined'.
client/components/trainer/Trainer.tsx(174,10): error TS2345: Argument of type 'number | undefined' is not assignable to parameter of type 'number'.
  Type 'undefined' is not assignable to type 'number'.
client/components/trainer/Trainer.tsx(188,51): error TS2345: Argument of type 'number | undefined' is not assignable to parameter of type 'number'.
  Type 'undefined' is not assignable to type 'number'.
client/components/trainer/Trainer.tsx(256,28): error TS2345: Argument of type 'null' is not assignable to parameter of type 'string'.
client/components/trainer/Trainer.tsx(262,28): error TS2345: Argument of type 'null' is not assignable to parameter of type 'string'.
client/db/lokijs.ts(25,3): error TS2322: Type '{ adapter: LokiPersistenceAdapter | null; autoload?: boolean | undefined; autoloadCallback?: ((err: any) => void) | undefined; autosave: boolean; autosaveCallback?: ((err?: any) => void) | undefined; ... 4 more ...; throttledSaves?: boolean | undefined; }' is not assignable to type 'undefined'.
client/db/sessions/query.ts(22,9): error TS2345: Argument of type '(a: Omit<{ id: string; created_at: Date; user_id: string; name: string; order: number; }, "created_at"> & { created_at: string | Date; demo_mode?: boolean | undefined; } & LokiObj, b: Omit<...> & ... 1 more ... & LokiObj) => number | undefined' is not assignable to parameter of type '(a: Omit<{ id: string; created_at: Date; user_id: string; name: string; order: number; }, "created_at"> & { created_at: string | Date; demo_mode?: boolean | undefined; } & LokiObj, b: Omit<...> & ... 1 more ... & LokiObj) => number'.
  Type 'number | undefined' is not assignable to type 'number'.
    Type 'undefined' is not assignable to type 'number'.
client/db/sessions/update.ts(68,36): error TS2769: No overload matches this call.
  The last overload gave the following error.
    Argument of type '{ order: number; id?: string | undefined; user_id?: string | undefined; name?: string | undefined; created_at?: string | Date | undefined; demo_mode?: boolean; $loki?: number | undefined; meta?: { ...; } | undefined; }' is not assignable to parameter of type 'Session | Session[]'.
      Type '{ order: number; id?: string | undefined; user_id?: string | undefined; name?: string | undefined; created_at?: string | Date | undefined; demo_mode?: boolean; $loki?: number | undefined; meta?: { ...; } | undefined; }' is not assignable to type 'Session'.
        Type '{ order: number; id?: string | undefined; user_id?: string | undefined; name?: string | undefined; created_at?: string | Date | undefined; demo_mode?: boolean; $loki?: number | undefined; meta?: { ...; } | undefined; }' is not assignable to type 'Omit<{ id: string; created_at: Date; user_id: string; name: string; order: number; }, "created_at">'.
          Types of property 'id' are incompatible.
            Type 'string | undefined' is not assignable to type 'string'.
              Type 'undefined' is not assignable to type 'string'.
client/db/sessions/update.ts(113,20): error TS2769: No overload matches this call.
  The last overload gave the following error.
    Argument of type '(Omit<{ id: string; created_at: Date; user_id: string; name: string; order: number; }, "created_at"> & { created_at: string | Date; demo_mode?: boolean | undefined; } & LokiObj) | null' is not assignable to parameter of type 'number | number[] | Session | Session[]'.
      Type 'null' is not assignable to type 'number | number[] | Session | Session[]'.
client/db/sessions/update.ts(116,22): error TS2345: Argument of type '(Omit<{ id: string; created_at: Date; user_id: string; name: string; order: number; }, "created_at"> & { created_at: string | Date; demo_mode?: boolean | undefined; } & LokiObj) | null' is not assignable to parameter of type 'Session'.
  Type 'null' is not assignable to type 'Session'.
    Type 'null' is not assignable to type 'Omit<{ id: string; created_at: Date; user_id: string; name: string; order: number; }, "created_at">'.
client/db/sessions/update.ts(117,22): error TS2345: Argument of type '(Omit<{ id: string; created_at: Date; user_id: string; name: string; order: number; }, "created_at"> & { created_at: string | Date; demo_mode?: boolean | undefined; } & LokiObj) | null' is not assignable to parameter of type 'Session'.
  Type 'null' is not assignable to type 'Session'.
    Type 'null' is not assignable to type 'Omit<{ id: string; created_at: Date; user_id: string; name: string; order: number; }, "created_at">'.
client/db/settings/query.ts(78,2): error TS2322: Type 'null' is not assignable to type 'string'.
client/db/settings/query.ts(79,2): error TS2322: Type 'null' is not assignable to type 'string'.
client/db/settings/query.ts(142,3): error TS2322: Type 'null' is not assignable to type 'AllSettings[T]'.
  Type 'null' is not assignable to type 'never'.
client/db/settings/query.ts(150,8): error TS2322: Type '(SettingValue & LokiObj) | null' is not assignable to type 'SettingValue'.
  Type 'null' is not assignable to type 'SettingValue'.
client/db/settings/update.ts(74,28): error TS2345: Argument of type '{ id?: string | undefined; value?: any; local?: boolean | undefined; $loki?: number | undefined; meta?: { created: number; revision: number; updated: number; version: number; } | undefined; }' is not assignable to parameter of type 'SettingValue'.
  Types of property 'id' are incompatible.
    Type 'string | undefined' is not assignable to type 'string'.
      Type 'undefined' is not assignable to type 'string'.
client/db/settings/update.ts(76,27): error TS2345: Argument of type '{ id?: string | undefined; value?: any; local?: boolean | undefined; $loki?: number | undefined; meta?: { created: number; revision: number; updated: number; version: number; } | undefined; }' is not assignable to parameter of type 'SettingValue'.
  Types of property 'id' are incompatible.
    Type 'string | undefined' is not assignable to type 'string'.
      Type 'undefined' is not assignable to type 'string'.
client/db/solves/query.ts(24,3): error TS2322: Type '(Solve & LokiObj) | null' is not assignable to type 'Solve'.
  Type 'null' is not assignable to type 'Solve'.
client/db/solves/query.ts(29,2): error TS2322: Type 'Solve | null' is not assignable to type 'Solve'.
  Type 'null' is not assignable to type 'Solve'.
client/db/solves/query.ts(48,2): error TS2322: Type 'null' is not assignable to type 'string'.
client/db/solves/stats/solves/caching.ts(48,35): error TS2345: Argument of type 'string | undefined' is not assignable to parameter of type 'string'.
  Type 'undefined' is not assignable to type 'string'.
client/db/solves/stats/solves/caching.ts(98,3): error TS2322: Type 'string | undefined' is not assignable to type 'string'.
  Type 'undefined' is not assignable to type 'string'.
client/db/solves/stats/streak.ts(102,4): error TS2322: Type 'null' is not assignable to type 'Date'.
client/db/solves/stats/streak.ts(103,4): error TS2322: Type 'null' is not assignable to type 'Date'.
client/db/solves/update.tsx(139,3): error TS2322: Type '{ id: string; }' is not assignable to type 'Solve | { $eq?: any; $aeq?: any; $ne?: any; $dteq?: any; $gt?: any; $gte?: any; $lt?: any; $lte?: any; $between?: any; $jgt?: any; $jgte?: any; $jlt?: any; $jlte?: any; $jbetween?: any; $in?: any; $nin?: any; $keyin?: any; ... 15 more ...; $or?: any; } | undefined'.
  Type '{ id: string; }' is missing the following properties from type 'Solve': time, raw_time, cube_type, scramble, and 22 more.
client/db/trainer/custom.ts(46,19): error TS2769: No overload matches this call.
  The last overload gave the following error.
    Argument of type '(TrainerAlgorithmExtended & LokiObj) | null' is not assignable to parameter of type 'number | number[] | TrainerAlgorithmExtended | TrainerAlgorithmExtended[]'.
      Type 'null' is not assignable to type 'number | number[] | TrainerAlgorithmExtended | TrainerAlgorithmExtended[]'.
client/db/trainer/operations.ts(60,18): error TS2345: Argument of type '(TrainerAlgorithmExtended & LokiObj) | null' is not assignable to parameter of type 'TrainerAlgorithmExtended'.
  Type 'null' is not assignable to type 'TrainerAlgorithmExtended'.
client/db/trainer/query.ts(9,38): error TS2345: Argument of type 'null' is not assignable to parameter of type 'PartialModel<TrainerAlgorithmExtended & { $and: any; $or: any; }, { $eq?: any; $aeq?: any; $ne?: any; $dteq?: any; $gt?: any; $gte?: any; $lt?: any; $lte?: any; $between?: any; $jgt?: any; $jgte?: any; ... 21 more ...; $or?: any; }>'.
client/db/util.ts(24,28): error TS2345: Argument of type 'T' is not assignable to parameter of type 'PartialModel<G & LokiObj & { $and: any; $or: any; }, { $eq?: any; $aeq?: any; $ne?: any; $dteq?: any; $gt?: any; $gte?: any; $lt?: any; $lte?: any; $between?: any; $jgt?: any; $jgte?: any; $jlt?: any; $jlte?: any; $jbetween?: any; ... 18 more ...; $or?: any; }> | undefined'.
  Type 'PartialModel<G & { $and: any; $or: any; }, { $eq?: any; $aeq?: any; $ne?: any; $dteq?: any; $gt?: any; $gte?: any; $lt?: any; $lte?: any; $between?: any; $jgt?: any; $jgte?: any; $jlt?: any; $jlte?: any; $jbetween?: any; $in?: any; $nin?: any; ... 16 more ...; $or?: any; }>' is not assignable to type 'PartialModel<G & LokiObj & { $and: any; $or: any; }, { $eq?: any; $aeq?: any; $ne?: any; $dteq?: any; $gt?: any; $gte?: any; $lt?: any; $lte?: any; $between?: any; $jgt?: any; $jgte?: any; $jlt?: any; $jlte?: any; $jbetween?: any; ... 18 more ...; $or?: any; }>'.
    Type '"$and" | "$or" | keyof LokiObj | keyof G' is not assignable to type '"$and" | "$or" | keyof G'.
      Type '"meta"' is not assignable to type '"$and" | "$or" | keyof G'.
        Type 'T' is not assignable to type 'PartialModel<G & LokiObj & { $and: any; $or: any; }, { $eq?: any; $aeq?: any; $ne?: any; $dteq?: any; $gt?: any; $gte?: any; $lt?: any; $lte?: any; $between?: any; $jgt?: any; $jgte?: any; $jlt?: any; $jlte?: any; $jbetween?: any; ... 18 more ...; $or?: any; }>'.
          Type 'PartialModel<G & { $and: any; $or: any; }, { $eq?: any; $aeq?: any; $ne?: any; $dteq?: any; $gt?: any; $gte?: any; $lt?: any; $lte?: any; $between?: any; $jgt?: any; $jgte?: any; $jlt?: any; $jlte?: any; $jbetween?: any; $in?: any; $nin?: any; ... 16 more ...; $or?: any; }>' is not assignable to type 'PartialModel<G & LokiObj & { $and: any; $or: any; }, { $eq?: any; $aeq?: any; $ne?: any; $dteq?: any; $gt?: any; $gte?: any; $lt?: any; $lte?: any; $between?: any; $jgt?: any; $jgte?: any; $jlt?: any; $jlte?: any; $jbetween?: any; ... 18 more ...; $or?: any; }>'.
            Type '"$and" | "$or" | keyof LokiObj | keyof G' is not assignable to type '"$and" | "$or" | keyof G'.
              Type '"meta"' is not assignable to type '"$and" | "$or" | keyof G'.
client/reducers/general.ts(5,2): error TS2322: Type 'null' is not assignable to type 'string'.
client/reducers/timer.ts(36,7): error TS2322: Type '{ smartCubeConnected: boolean; smartCubeConnecting: boolean; smartCanStart: boolean; smartTurns: never[]; smartDeviceId: string; smartCurrentState: string; smartSolvedState: string; timeStartedAt: null; ... 17 more ...; scramble: string; }' is not assignable to type 'TimerStore'.
  Types of property 'notification' are incompatible.
    Type 'null' is not assignable to type 'ReactComponentElement<any, Pick<any, string | number | symbol>> | undefined'.
client/shared/game-logic/elimination.ts(46,6): error TS2322: Type 'null' is not assignable to type 'Solve'.
client/shared/game-logic/elimination.ts(100,21): error TS18048: 'match.participants' is possibly 'undefined'.
client/shared/game-logic/elimination.ts(105,64): error TS18048: 'part.solves' is possibly 'undefined'.
client/util/cubes/util.ts(42,3): error TS2322: Type 'null' is not assignable to type 'CubeType'.
client/util/cubes/util.ts(51,3): error TS2322: Type 'null' is not assignable to type 'CubeType'.
client/util/cubes/util.ts(60,2): error TS2322: Type 'null' is not assignable to type 'CubeType'.
client/util/cubes/util.ts(69,3): error TS2322: Type 'null' is not assignable to type 'string'.
client/util/cubes/util.ts(82,2): error TS2322: Type '{ id: Maybe<string> | undefined; name: Maybe<string> | undefined; scramble: Maybe<string> | undefined; private: Maybe<boolean> | undefined; }[]' is not assignable to type 'CubeType[]'.
  Type '{ id: Maybe<string> | undefined; name: Maybe<string> | undefined; scramble: Maybe<string> | undefined; private: Maybe<boolean> | undefined; }' is not assignable to type 'CubeType'.
    Types of property 'id' are incompatible.
      Type 'Maybe<string> | undefined' is not assignable to type 'string'.
        Type 'undefined' is not assignable to type 'string'.
client/util/data/local_storage.ts(3,21): error TS2345: Argument of type 'string | null' is not assignable to parameter of type 'string'.
  Type 'null' is not assignable to type 'string'.
client/util/event_handler.ts(53,23): error TS2554: Expected 1 arguments, but got 0.
client/util/hooks/useGeneral.ts(1,9): error TS2305: Module '"react-redux"' has no exported member 'RootStateOrAny'.
client/util/hooks/useInterval.ts(4,24): error TS2554: Expected 1 arguments, but got 0.
client/util/hooks/useListener.ts(37,23): error TS2554: Expected 1 arguments, but got 0.
client/util/hooks/useMe.ts(1,9): error TS2305: Module '"react-redux"' has no exported member 'RootStateOrAny'.
client/util/hooks/useSocketListener.ts(10,23): error TS2554: Expected 1 arguments, but got 0.
client/util/hooks/useSsr.ts(1,9): error TS2305: Module '"react-redux"' has no exported member 'RootStateOrAny'.
client/util/hooks/useSsr.ts(8,6): error TS2322: Type 'null' is not assignable to type 'T'.
  'T' could be instantiated with an arbitrary type which could be unrelated to 'null'.
client/util/hooks/useTheme.ts(24,3): error TS2322: Type 'null' is not assignable to type 'AppTheme'.
client/util/hooks/useTheme.ts(45,25): error TS2345: Argument of type 'AppThemeOptions | undefined' is not assignable to parameter of type 'AppThemeOptions'.
  Type 'undefined' is not assignable to type 'AppThemeOptions'.
client/util/hooks/useTheme.ts(48,3): error TS2322: Type 'null' is not assignable to type 'AppTheme'.
client/util/hooks/useTimerStore.ts(2,9): error TS2305: Module '"react-redux"' has no exported member 'RootStateOrAny'.
client/util/hooks/useToggle.ts(6,23): error TS2322: Type 'null' is not assignable to type 'boolean'.
client/util/hooks/useUrlParam.ts(7,2): error TS2322: Type 'string | null' is not assignable to type 'string'.
  Type 'null' is not assignable to type 'string'.
client/util/hooks/useUrlParam.ts(14,3): error TS2322: Type 'null' is not assignable to type 'number'.
client/util/hooks/useUrlParam.ts(20,3): error TS2322: Type 'null' is not assignable to type 'number'.
client/util/page_title_blink.ts(46,2): error TS2322: Type 'Timer' is not assignable to type 'null'.
client/util/socket/socketio.ts(15,14): error TS2345: Argument of type 'null' is not assignable to parameter of type 'string | undefined'.
client/util/strings/chat_filter.ts(16,9): error TS18047: 'filter' is possibly 'null'.
client/util/themes/theme_util.ts(13,21): error TS18047: 'result' is possibly 'null'.
client/util/themes/theme_util.ts(14,21): error TS18047: 'result' is possibly 'null'.
client/util/themes/theme_util.ts(15,21): error TS18047: 'result' is possibly 'null'.
client/util/vendor/scramble_layout.ts(121,3): error TS2322: Type 'null' is not assignable to type 'ScrambleLayout'.
eslint.config.mjs(12,16): error TS2559: Type 'any[]' has no properties in common with type 'Config<RulesConfig>'.
eslint.config.mjs(24,34): error TS2339: Property 'dirname' does not exist on type 'ImportMeta'.
server/__test__/mocks/profile.mock.ts(25,13): error TS2304: Cannot find name 'ImageM'.
server/api/admin/badge.ts(80,33): error TS2345: Argument of type 'Record<string, unknown>' is not assignable to parameter of type '{ name: any; priority: any; color: any; description: any; }'.
  Type 'Record<string, unknown>' is missing the following properties from type '{ name: any; priority: any; color: any; description: any; }': name, priority, color, description
server/api/admin/badge.ts(94,36): error TS2345: Argument of type 'Record<string, unknown>' is not assignable to parameter of type '{ name: any; priority: any; color: any; description: any; }'.
  Type 'Record<string, unknown>' is missing the following properties from type '{ name: any; priority: any; color: any; description: any; }': name, priority, color, description
server/api/admin/badge.ts(133,26): error TS2345: Argument of type '404' is not assignable to parameter of type 'ErrorCode'.
server/api/admin/badge.ts(138,26): error TS2345: Argument of type '404' is not assignable to parameter of type 'ErrorCode'.
server/api/admin/badge.ts(143,26): error TS2345: Argument of type '400' is not assignable to parameter of type 'ErrorCode'.
server/api/admin/badge.ts(146,29): error TS2322: Type '{ id: string; created_at: Date; name: string; priority: number; color: string; description: string; created_by_id: string | null; }' is not assignable to type 'BadgeType'.
  Types of property 'created_by_id' are incompatible.
    Type 'string | null' is not assignable to type 'string'.
      Type 'null' is not assignable to type 'string'.
server/api/auth.ts(25,27): error TS2345: Argument of type '400' is not assignable to parameter of type 'ErrorCode'.
server/api/auth.ts(28,55): error TS2339: Property 'password' does not exist on type 'UserAccount'.
server/api/auth.ts(30,27): error TS2345: Argument of type '400' is not assignable to parameter of type 'ErrorCode'.
server/api/forgot_password.ts(67,27): error TS2345: Argument of type '400' is not assignable to parameter of type 'ErrorCode'.
server/api/forgot_password.ts(72,27): error TS2345: Argument of type '400' is not assignable to parameter of type 'ErrorCode'.
server/api/profile.ts(38,3): error TS2322: Type '({ user: { badges: ({ badge_type: { id: string; created_at: Date; name: string; priority: number; color: string; description: string; created_by_id: string | null; }; } & { id: string; created_at: Date; user_id: string; badge_type_id: string; })[]; integrations: { ...; }[]; profile: ({ ...; } & { ...; }) | null; } &...' is not assignable to type 'TopSolve[]'.
  Type '{ user: { badges: ({ badge_type: { id: string; created_at: Date; name: string; priority: number; color: string; description: string; created_by_id: string | null; }; } & { id: string; created_at: Date; user_id: string; badge_type_id: string; })[]; integrations: { ...; }[]; profile: ({ ...; } & { ...; }) | null; } & ...' is not assignable to type 'TopSolve'.
    Types of property 'solve' are incompatible.
      Property 'demo_mode' is missing in type '{ id: string; created_at: Date; user_id: string; cube_type: string | null; match_id: string | null; ended_at: bigint | null; started_at: bigint | null; time: number; raw_time: number | null; ... 18 more ...; training_session_id: string | null; }' but required in type 'Solve'.
server/api/profile.ts(39,3): error TS2322: Type '({ user: { badges: ({ badge_type: { id: string; created_at: Date; name: string; priority: number; color: string; description: string; created_by_id: string | null; }; } & { id: string; created_at: Date; user_id: string; badge_type_id: string; })[]; integrations: { ...; }[]; profile: ({ ...; } & { ...; }) | null; } &...' is not assignable to type 'TopAverage[]'.
  Type '{ user: { badges: ({ badge_type: { id: string; created_at: Date; name: string; priority: number; color: string; description: string; created_by_id: string | null; }; } & { id: string; created_at: Date; user_id: string; badge_type_id: string; })[]; integrations: { ...; }[]; profile: ({ ...; } & { ...; }) | null; } & ...' is not assignable to type 'TopAverage'.
    Types of property 'solve_1' are incompatible.
      Property 'demo_mode' is missing in type '{ id: string; created_at: Date; user_id: string; cube_type: string | null; match_id: string | null; ended_at: bigint | null; started_at: bigint | null; time: number; raw_time: number | null; ... 18 more ...; training_session_id: string | null; }' but required in type 'Solve'.
server/api/profile.ts(63,27): error TS2345: Argument of type '400' is not assignable to parameter of type 'ErrorCode'.
server/api/profile.ts(88,27): error TS2345: Argument of type '400' is not assignable to parameter of type 'ErrorCode'.
server/api/smart_device.ts(39,27): error TS2345: Argument of type '400' is not assignable to parameter of type 'ErrorCode'.
server/api/smart_device.ts(43,27): error TS2345: Argument of type '400' is not assignable to parameter of type 'ErrorCode'.
server/api/smart_device.ts(58,27): error TS2345: Argument of type '400' is not assignable to parameter of type 'ErrorCode'.
server/api/smart_device.ts(62,27): error TS2345: Argument of type '400' is not assignable to parameter of type 'ErrorCode'.
server/api/smart_device.ts(75,27): error TS2345: Argument of type '400' is not assignable to parameter of type 'ErrorCode'.
server/api/solve.ts(187,28): error TS2345: Argument of type '{ smart_device: { id: string; created_at: Date; user_id: string; name: string; internal_name: string; device_id: string; } | null; solve_views: { id: string; created_at: Date; user_id: string; viewer_id: string | null; solve_id: string; }[]; ... 7 more ...; top_solve: { ...; }[]; } & { ...; }' is not assignable to parameter of type 'Solve'.
  Property 'demo_mode' is missing in type '{ smart_device: { id: string; created_at: Date; user_id: string; name: string; internal_name: string; device_id: string; } | null; solve_views: { id: string; created_at: Date; user_id: string; viewer_id: string | null; solve_id: string; }[]; ... 7 more ...; top_solve: { ...; }[]; } & { ...; }' but required in type 'Solve'.
server/api/solve.ts(237,32): error TS2345: Argument of type '{ id: string; time: number; raw_time: number | null; cube_type: string | null; scramble: string | null; game_session_id: string | null; session_id: string | null; started_at: bigint | null; ... 19 more ...; custom_scramble: boolean; }' is not assignable to parameter of type 'Partial<SolveInput>'.
  Types of property 'raw_time' are incompatible.
    Type 'number | null' is not assignable to type 'number | undefined'.
      Type 'null' is not assignable to type 'number | undefined'.
server/api/timer_background.ts(20,27): error TS2345: Argument of type '400' is not assignable to parameter of type 'ErrorCode'.
server/api/timer_background.ts(30,27): error TS2345: Argument of type '400' is not assignable to parameter of type 'ErrorCode'.
server/api/user_account.ts(81,14): error TS18048: 'ip' is possibly 'undefined'.
server/api/user_account.ts(82,9): error TS18048: 'ip' is possibly 'undefined'.
server/api/user_account.ts(86,23): error TS2345: Argument of type '{ id: string; email: string; password: string; first_name: string; join_ip: string; join_country: string; admin: boolean; created_at: Date; last_name: string; username: string | null; verified: boolean; ... 7 more ...; last_solve_at: Date | null; }' is not assignable to parameter of type 'UserAccount'.
  Types of property 'offline_hash' are incompatible.
    Type 'string | null' is not assignable to type 'string'.
      Type 'null' is not assignable to type 'string'.
server/api/user_account.ts(89,28): error TS2345: Argument of type '{ id: string; email: string; password: string; first_name: string; join_ip: string; join_country: string; admin: boolean; created_at: Date; last_name: string; username: string | null; verified: boolean; ... 7 more ...; last_solve_at: Date | null; }' is not assignable to parameter of type 'UserAccount'.
  Types of property 'offline_hash' are incompatible.
    Type 'string | null' is not assignable to type 'string'.
      Type 'null' is not assignable to type 'string'.
server/api/user_account.ts(92,23): error TS2345: Argument of type '{ id: string; email: string; password: string; first_name: string; join_ip: string; join_country: string; admin: boolean; created_at: Date; last_name: string; username: string | null; verified: boolean; ... 7 more ...; last_solve_at: Date | null; }' is not assignable to parameter of type 'InternalUserAccount'.
  Types of property 'stripe_customer_id' are incompatible.
    Type 'string | null' is not assignable to type 'string'.
      Type 'null' is not assignable to type 'string'.
server/app.ts(192,29): error TS2345: Argument of type 'import("/Users/kash/Developer/cubedesk/node_modules/.pnpm/@types+express@4.17.25/node_modules/@types/express/index").Request<import("/Users/kash/Developer/cubedesk/node_modules/.pnpm/@types+express-serve-static-core@4.19.8/node_modules/@types/express-serve-static-core/index").ParamsDictionary, any, any, qs.ParsedQs,...' is not assignable to parameter of type 'import("/Users/kash/Developer/cubedesk/node_modules/.pnpm/@types+express@5.0.6/node_modules/@types/express/index").Request<import("/Users/kash/Developer/cubedesk/node_modules/.pnpm/@types+express-serve-static-core@5.1.1/node_modules/@types/express-serve-static-core/index").ParamsDictionary, any, any, qs.ParsedQs, Re...'.
  The types of 'app.get' are incompatible between these types.
    Type '((name: string) => any) & import("/Users/kash/Developer/cubedesk/node_modules/.pnpm/@types+express-serve-static-core@4.19.8/node_modules/@types/express-serve-static-core/index").IRouterMatcher<import("/Users/kash/Developer/cubedesk/node_modules/.pnpm/@types+express-serve-static-core@4.19.8/node_modules/@types/expres...' is not assignable to type '((name: string) => any) & import("/Users/kash/Developer/cubedesk/node_modules/.pnpm/@types+express-serve-static-core@5.1.1/node_modules/@types/express-serve-static-core/index").IRouterMatcher<import("/Users/kash/Developer/cubedesk/node_modules/.pnpm/@types+express-serve-static-core@5.1.1/node_modules/@types/express-...'.
      Type '((name: string) => any) & IRouterMatcher<Application<Record<string, any>>, any>' is not assignable to type 'IRouterMatcher<Application<Record<string, any>>, any>'.
        Types of parameters 'name' and 'path' are incompatible.
          Type 'PathParams' is not assignable to type 'string'.
            Type 'RegExp' is not assignable to type 'string'.
server/app.ts(209,4): error TS2322: Type '({ req, res }: CreateExpressContextOptions) => Promise<{ user: UserAccount | null; ipAddress: any; req: Request<ParamsDictionary, any, any, ParsedQs, Record<...>>; res: Response<...>; prisma: PrismaClient; }>' is not assignable to type 'NodeHTTPCreateContextFn<BuiltRouter<{ ctx: TRPCContext; meta: object; errorShape: DefaultErrorShape; transformer: false; }, DecorateCreateRouterOptions<{ auth: BuiltRouter<{ ctx: TRPCContext; meta: object; errorShape: DefaultErrorShape; transformer: false; }, DecorateCreateRouterOptions<...>>; ... 18 more ...; repor...'.
  Type 'Promise<{ user: UserAccount | null; ipAddress: any; req: Request<ParamsDictionary, any, any, ParsedQs, Record<string, any>>; res: Response<...>; prisma: PrismaClient; }>' is not assignable to type 'MaybePromise<TRPCContext>'.
    Type 'Promise<{ user: UserAccount | null; ipAddress: any; req: Request<ParamsDictionary, any, any, ParsedQs, Record<string, any>>; res: Response<...>; prisma: PrismaClient; }>' is not assignable to type 'Promise<TRPCContext>'.
      Type '{ user: UserAccount | null; ipAddress: any; req: Request<ParamsDictionary, any, any, QueryString.ParsedQs, Record<string, any>>; res: Response<...>; prisma: PrismaClient; }' is not assignable to type 'TRPCContext'.
        Type '{ user: UserAccount | null; ipAddress: any; req: Request<ParamsDictionary, any, any, QueryString.ParsedQs, Record<string, any>>; res: Response<...>; prisma: PrismaClient; }' is not assignable to type '{ user: InternalUserAccount | null; }'.
          Types of property 'user' are incompatible.
            Type 'UserAccount | null' is not assignable to type 'InternalUserAccount | null'.
              Type 'IUserAccount' is missing the following properties from type 'IInternalUserAccount': password, stripe_customer_id, join_ip
server/integrations/oauth.ts(57,33): error TS2345: Argument of type 'string | undefined' is not assignable to parameter of type 'string'.
  Type 'undefined' is not assignable to type 'string'.
server/integrations/oauth.ts(86,3): error TS2322: Type 'string | null' is not assignable to type 'string'.
  Type 'null' is not assignable to type 'string'.
server/match/init.ts(26,13): error TS18048: 'match.match_session' is possibly 'undefined'.
server/match/listeners/leave_events.ts(93,5): error TS2322: Type 'Timeout' is not assignable to type 'null'.
server/match/match.ts(26,3): error TS2322: Type 'null' is not assignable to type 'string'.
server/match/match_types/elimination.ts(19,64): error TS2345: Argument of type 'Solve[] | undefined' is not assignable to parameter of type 'Solve[]'.
  Type 'undefined' is not assignable to type 'Solve[]'.
server/match/pair/custom_match.ts(31,66): error TS2345: Argument of type 'null' is not assignable to parameter of type 'GameOptionsInput'.
server/match/pair/elo/elo_matching.test.ts(59,38): error TS2769: No overload matches this call.
  Overload 1 of 3, '(callbackfn: (previousValue: number, currentValue: number, currentIndex: number, array: number[]) => number, initialValue: number): number', gave the following error.
    Argument of type '(arr: never[], elo: number) => MatchLobby[]' is not assignable to parameter of type '(previousValue: number, currentValue: number, currentIndex: number, array: number[]) => number'.
      Types of parameters 'arr' and 'previousValue' are incompatible.
        Type 'number' is not assignable to type 'never[]'.
  Overload 2 of 3, '(callbackfn: (previousValue: never[], currentValue: number, currentIndex: number, array: number[]) => never[], initialValue: never[]): never[]', gave the following error.
    Argument of type '(arr: never[], elo: number) => MatchLobby[]' is not assignable to parameter of type '(previousValue: never[], currentValue: number, currentIndex: number, array: number[]) => never[]'.
      Type 'MatchLobby[]' is not assignable to type 'never[]'.
        Type 'MatchLobby' is not assignable to type 'never'.
server/match/pair/elo/elo_matching.test.ts(66,18): error TS2345: Argument of type 'number' is not assignable to parameter of type 'MatchLobby[]'.
server/match/pair/elo/elo_matching.test.ts(68,69): error TS2345: Argument of type 'number' is not assignable to parameter of type 'MatchLobby[]'.
server/match/pair/elo/elo_matching.ts(66,5): error TS2322: Type 'MatchLobby' is not assignable to type 'null'.
server/match/pair/elo/elo_matching.ts(77,32): error TS2339: Property 'user_id' does not exist on type 'never'.
server/match/pair/pair_logic.ts(110,33): error TS2322: Type 'SocketType | null' is not assignable to type 'SocketType'.
  Type 'null' is not assignable to type 'SocketType'.
server/match/pair/pair_logic.ts(110,42): error TS2322: Type 'SocketType | null' is not assignable to type 'SocketType'.
  Type 'null' is not assignable to type 'SocketType'.
server/match/pair/rematch.ts(13,72): error TS2345: Argument of type 'null' is not assignable to parameter of type 'GameOptionsInput'.
server/match/pair/start_match.ts(74,49): error TS2454: Variable 'match' is used before being assigned.
server/match/pair/start_match.ts(77,50): error TS2454: Variable 'match' is used before being assigned.
server/match/pair/start_match.ts(78,34): error TS2454: Variable 'match' is used before being assigned.
server/match/update/match_cacher.ts(48,3): error TS2322: Type 'null' is not assignable to type 'Date'.
server/match/update/match_cacher.ts(67,3): error TS2322: Type 'Date | null' is not assignable to type 'Date'.
  Type 'null' is not assignable to type 'Date'.
server/match/update/match_cacher.ts(101,24): error TS18048: 'match.participants' is possibly 'undefined'.
server/match/update/match_cacher.ts(146,4): error TS2322: Type 'PublicUserAccount | undefined' is not assignable to type 'PublicUserAccount'.
  Type 'undefined' is not assignable to type 'IPublicUserAccount'.
server/match/update/match_cacher.ts(147,4): error TS2322: Type 'null' is not assignable to type 'Date'.
server/match/update/on_win.ts(22,6): error TS18048: 'match.match_session' is possibly 'undefined'.
server/match/update/on_win.ts(22,35): error TS18048: 'parts' is possibly 'undefined'.
server/match/update/on_win.ts(23,19): error TS18048: 'parts' is possibly 'undefined'.
server/match/update/on_win.ts(23,51): error TS18048: 'parts' is possibly 'undefined'.
server/match/update/on_win.ts(23,70): error TS18048: 'parts' is possibly 'undefined'.
server/match/update/on_win.ts(24,20): error TS18048: 'match.match_session' is possibly 'undefined'.
server/match/update/on_win.ts(24,20): error TS18048: 'match.match_session.game_options' is possibly 'undefined'.
server/match/update/player_activity.ts(53,82): error TS2366: Function lacks ending return statement and return type does not include 'undefined'.
server/match/update/player_activity.ts(57,4): error TS2322: Type 'undefined' is not assignable to type 'ForfeitCheckResult'.
server/match/update/player_activity.ts(88,94): error TS2366: Function lacks ending return statement and return type does not include 'undefined'.
server/match/update/player_activity.ts(92,4): error TS2322: Type 'undefined' is not assignable to type 'ForfeitCheckResult'.
server/match/update/resign.ts(38,20): error TS18048: 'match.participants' is possibly 'undefined'.
server/match/update/standings.ts(39,3): error TS2322: Type 'string | null' is not assignable to type 'null'.
  Type 'string' is not assignable to type 'null'.
server/match/update/standings.ts(82,23): error TS18048: 'allPlayers' is possibly 'undefined'.
server/match/update/standings.ts(88,41): error TS2345: Argument of type 'PublicUserAccount | undefined' is not assignable to parameter of type 'PublicUserAccount'.
  Type 'undefined' is not assignable to type 'IPublicUserAccount'.
server/match/update/standings.ts(97,14): error TS18048: 'user' is possibly 'undefined'.
server/match/update/standings.ts(101,4): error TS2322: Type 'PublicUserAccount | undefined' is not assignable to type 'PublicUserAccount'.
  Type 'undefined' is not assignable to type 'IPublicUserAccount'.
server/match/update/standings.ts(102,16): error TS18048: 'player.solves' is possibly 'undefined'.
server/match/update/standings.ts(119,34): error TS18048: 'allPlayers' is possibly 'undefined'.
server/match/util.ts(75,3): error TS2322: Type 'PublicUserAccount | null' is not assignable to type 'PublicUserAccount'.
  Type 'null' is not assignable to type 'IPublicUserAccount'.
server/middlewares/auth.ts(12,14): error TS2322: Type '({ root, args, context, info }: ResolverData<GraphQLContext>, roles: Role[]) => boolean' is not assignable to type 'AuthChecker<GraphQLContext>'.
  Types of parameters 'roles' and 'roles' are incompatible.
    Type 'string[]' is not assignable to type 'Role[]'.
      Type 'string' is not assignable to type 'Role'.
server/middlewares/verify_ownership.ts(27,10): error TS2339: Property 'queryConditions' does not exist on type 'Maybe<Readonly<GraphQLFieldExtensions<any, any, { [argName: string]: any; }>>>'.
server/models/ban_log.ts(35,2): error TS2322: Type '{ id: string; created_at: Date; banned_until: Date | null; created_by_id: string; banned_user_id: string; reason: string; active: boolean; minutes: number | null; forever: boolean; }' is not assignable to type 'BanLog'.
  Types of property 'banned_until' are incompatible.
    Type 'Date | null' is not assignable to type 'Date'.
      Type 'null' is not assignable to type 'Date'.
server/models/elo_log.ts(52,21): error TS2345: Argument of type '{ player: { id: string; email: string; password: string; first_name: string; join_ip: string; join_country: string; admin: boolean; created_at: Date; last_name: string; username: string | null; ... 8 more ...; last_solve_at: Date | null; }; } & { ...; }' is not assignable to parameter of type 'EloLog'.
  Types of property 'player_new_game_count' are incompatible.
    Type 'number' is not assignable to type 'string'.
server/models/elo_log.ts(64,33): error TS2345: Argument of type 'InternalUserAccount | null' is not assignable to parameter of type 'UserAccount'.
  Type 'null' is not assignable to type 'IUserAccount'.
server/models/elo_rating.ts(18,13): error TS18047: 'user' is possibly 'null'.
server/models/elo_rating.ts(19,16): error TS18047: 'user' is possibly 'null'.
server/models/elo_rating.ts(19,16): error TS18048: 'user.profile' is possibly 'undefined'.
server/models/game_options.ts(6,2): error TS2322: Type '{ id: string; cube_type: string; created_at: Date; game_session_id: string | null; game_type: GameType; elimination_percent_change_rate: number; elimination_starting_time_seconds: number; gauntlet_time_multiplier: number; head_to_head_target_win_count: number; match_session_id: string | null; }' is not assignable to type 'GameOptions'.
  Types of property 'game_session_id' are incompatible.
    Type 'string | null' is not assignable to type 'string | undefined'.
      Type 'null' is not assignable to type 'string | undefined'.
server/models/integration.ts(34,2): error TS2322: Type '{ id: string; created_at: Date; user_id: string; service_name: string; auth_token: string; refresh_token: string; auth_expires_at: bigint; } | null' is not assignable to type 'Integration'.
  Type 'null' is not assignable to type 'Integration'.
server/models/match.ts(58,25): error TS2345: Argument of type 'boolean | undefined' is not assignable to parameter of type 'boolean'.
  Type 'undefined' is not assignable to type 'boolean'.
server/models/match.ts(80,25): error TS2345: Argument of type 'boolean | undefined' is not assignable to parameter of type 'boolean'.
  Type 'undefined' is not assignable to type 'boolean'.
server/models/match.ts(85,10): error TS2790: The operand of a 'delete' operator must be optional.
server/models/match.ts(96,25): error TS2345: Argument of type 'boolean | undefined' is not assignable to parameter of type 'boolean'.
  Type 'undefined' is not assignable to type 'boolean'.
server/models/match.ts(140,2): error TS2322: Type '{ id: string; created_at: Date; match_session_id: string; winner_id: string | null; link_code: string; ended_at: Date | null; started_at: Date | null; spectate_code: string | null; aborted: boolean; }' is not assignable to type 'Match'.
  Types of property 'winner_id' are incompatible.
    Type 'string | null' is not assignable to type 'string | undefined'.
      Type 'null' is not assignable to type 'string | undefined'.
server/models/match_session.ts(5,2): error TS2322: Type '({ chat_messages: ({ user: { profile: ({ pfp_image: { id: string; created_at: Date; user_id: string; url: string | null; storage_path: string | null; } | null; } & { id: string; ... 14 more ...; show_discord_message_button: boolean; }) | null; } & { ...; }; } & { ...; })[]; game_options: { ...; } | null; matches: ({...' is not assignable to type 'MatchSession'.
  Type 'null' is not assignable to type 'MatchSession'.
server/models/match_session.ts(56,2): error TS2322: Type '{ id: string; created_at: Date; created_by_id: string | null; min_players: number; max_players: number; match_type: string; custom_match: boolean; rated: boolean | null; }' is not assignable to type 'MatchSession'.
  Types of property 'created_by_id' are incompatible.
    Type 'string | null' is not assignable to type 'string'.
      Type 'null' is not assignable to type 'string'.
server/models/metric_log.ts(7,79): error TS2322: Type 'null' is not assignable to type 'number'.
server/models/notification.ts(19,2): error TS2322: Type '{ id: string; created_at: Date; user_id: string; link: string; message: string; subject: string; notification_type: string; triggering_user_id: string | null; read_at: Date | null; icon: string; notification_category_name: string; link_text: string; in_app_message: string | null; } | null' is not assignable to type 'Notification | null'.
  Type '{ id: string; created_at: Date; user_id: string; link: string; message: string; subject: string; notification_type: string; triggering_user_id: string | null; read_at: Date | null; icon: string; notification_category_name: string; link_text: string; in_app_message: string | null; }' is not assignable to type 'Notification'.
    Types of property 'in_app_message' are incompatible.
      Type 'string | null' is not assignable to type 'string'.
        Type 'null' is not assignable to type 'string'.
server/models/notification.ts(50,2): error TS2322: Type '{ id: string; created_at: Date; user_id: string; link: string; message: string; subject: string; notification_type: string; triggering_user_id: string | null; read_at: Date | null; icon: string; notification_category_name: string; link_text: string; in_app_message: string | null; }' is not assignable to type 'Notification'.
  Types of property 'in_app_message' are incompatible.
    Type 'string | null' is not assignable to type 'string'.
      Type 'null' is not assignable to type 'string'.
server/models/profile.ts(6,2): error TS2322: Type 'Prisma__ProfileClient<({ user: { id: string; admin: boolean; created_at: Date; username: string | null; verified: boolean; banned_forever: boolean; banned_until: Date | null; is_pro: boolean; mod: boolean; elo_rating: { ...; } | null; integrations: { ...; }[]; profile: ({ ...; } & { ...; }) | null; }; pfp_image: { ....' is not assignable to type 'Promise<Profile>'.
  Types of property 'then' are incompatible.
    Type '<TResult1 = ({ user: { id: string; admin: boolean; created_at: Date; username: string | null; verified: boolean; banned_forever: boolean; banned_until: Date | null; is_pro: boolean; mod: boolean; elo_rating: { ...; } | null; integrations: { ...; }[]; profile: ({ ...; } & { ...; }) | null; }; pfp_image: { ...; } | nu...' is not assignable to type '<TResult1 = Profile, TResult2 = never>(onfulfilled?: ((value: Profile) => TResult1 | PromiseLike<TResult1>) | null | undefined, onrejected?: ((reason: any) => TResult2 | PromiseLike<...>) | null | undefined) => Promise<...>'.
      Types of parameters 'onfulfilled' and 'onfulfilled' are incompatible.
        Types of parameters 'value' and 'value' are incompatible.
          Type '({ user: { id: string; admin: boolean; created_at: Date; username: string | null; verified: boolean; banned_forever: boolean; banned_until: Date | null; is_pro: boolean; mod: boolean; elo_rating: { ...; } | null; integrations: { ...; }[]; profile: ({ ...; } & { ...; }) | null; }; pfp_image: { ...; } | null; header_i...' is not assignable to type 'Profile'.
            Type 'null' is not assignable to type 'Profile'.
server/models/report.ts(14,4): error TS2353: Object literal may only specify known properties, and 'user_id' does not exist in type 'ReportWhereInput'.
server/models/report.ts(23,4): error TS2353: Object literal may only specify known properties, and 'resolved' does not exist in type 'ReportWhereInput'.
server/models/report.ts(31,4): error TS2353: Object literal may only specify known properties, and 'user_id' does not exist in type 'ReportWhereInput'.
server/models/report.ts(43,4): error TS2353: Object literal may only specify known properties, and 'record_id' does not exist in type 'ReportWhereInput'.
server/models/report.ts(47,4): error TS2353: Object literal may only specify known properties, and 'resolved' does not exist in type '(Without<ReportUpdateManyMutationInput, ReportUncheckedUpdateManyInput> & ReportUncheckedUpdateManyInput) | (Without<...> & ReportUpdateManyMutationInput)'.
server/models/report.ts(82,4): error TS2353: Object literal may only specify known properties, and 'user_id' does not exist in type '(Without<ReportCreateInput, ReportUncheckedCreateInput> & ReportUncheckedCreateInput) | (Without<...> & ReportCreateInput)'.
server/models/solve.ts(75,3): error TS2322: Type '{ time: true; }' is not assignable to type 'never'.
server/models/solve.ts(153,2): error TS2322: Type 'Solve' is not assignable to type 'Partial<SolveInput>'.
  Types of property 'started_at' are incompatible.
    Type 'number' is not assignable to type 'bigint'.
server/models/solve.ts(153,24): error TS2345: Argument of type 'Partial<SolveInput>' is not assignable to parameter of type 'Solve'.
  Type 'Partial<SolveInput>' is missing the following properties from type 'Solve': user_id, created_at, demo_mode, share_code
server/models/solve.ts(179,3): error TS2322: Type 'Solve' is not assignable to type 'SolveInput'.
  Types of property 'started_at' are incompatible.
    Type 'number' is not assignable to type 'bigint'.
server/models/solve.ts(179,25): error TS2345: Argument of type 'SolveInput' is not assignable to parameter of type 'Solve'.
  Type 'SolveInput' is missing the following properties from type 'Solve': user_id, created_at, demo_mode, share_code
server/models/solve.ts(182,13): error TS2345: Argument of type '{ bulk: true; id: string; user_id: string; share_code: string; time?: number; raw_time?: number; cube_type?: string; scramble?: string; game_session_id?: string; session_id?: string; started_at?: bigint; ... 14 more ...; inspection_time?: number; }' is not assignable to parameter of type 'SolveCreateManyInput'.
  Types of property 'time' are incompatible.
    Type 'number | undefined' is not assignable to type 'number'.
      Type 'undefined' is not assignable to type 'number'.
server/models/solve.ts(215,30): error TS2345: Argument of type 'SolveInput' is not assignable to parameter of type 'Solve'.
  Type 'SolveInput' is missing the following properties from type 'Solve': user_id, created_at, demo_mode, share_code
server/models/solve.ts(219,3): error TS2322: Type '{ id: any; share_code: string; user_id: string; time: number; raw_time: number; cube_type: string; scramble: string; game_session_id: string; from_timer: boolean; training_session_id?: string; ... 21 more ...; user?: PublicUserAccount; }' is not assignable to type '(Without<SolveCreateInput, SolveUncheckedCreateInput> & SolveUncheckedCreateInput) | (Without<...> & SolveCreateInput)'.
  Type '{ id: any; share_code: string; user_id: string; time: number; raw_time: number; cube_type: string; scramble: string; game_session_id: string; from_timer: boolean; training_session_id?: string; ... 21 more ...; user?: PublicUserAccount; }' is not assignable to type 'Without<SolveCreateInput, SolveUncheckedCreateInput> & SolveUncheckedCreateInput'.
    Type '{ id: any; share_code: string; user_id: string; time: number; raw_time: number; cube_type: string; scramble: string; game_session_id: string; from_timer: boolean; training_session_id?: string; ... 21 more ...; user?: PublicUserAccount; }' is not assignable to type 'Without<SolveCreateInput, SolveUncheckedCreateInput>'.
      Types of property 'smart_device' are incompatible.
        Type 'SmartDevice | undefined' is not assignable to type 'undefined'.
          Type 'SmartDevice' is not assignable to type 'undefined'.
server/models/store.ts(5,26): error TS2345: Argument of type 'UserAccount | null' is not assignable to parameter of type 'InternalUserAccount'.
  Type 'null' is not assignable to type 'IInternalUserAccount'.
server/services/airtable.ts(18,53): error TS2345: Argument of type 'null' is not assignable to parameter of type 'string | undefined'.
server/services/airtable.ts(20,4): error TS2322: Type 'string | undefined' is not assignable to type 'null'.
  Type 'undefined' is not assignable to type 'null'.
server/services/discord.ts(26,37): error TS2769: No overload matches this call.
  Overload 1 of 2, '(options: string | FetchGuildOptions): Promise<Guild>', gave the following error.
    Argument of type 'string | undefined' is not assignable to parameter of type 'string | FetchGuildOptions'.
      Type 'undefined' is not assignable to type 'string | FetchGuildOptions'.
  Overload 2 of 2, '(options?: FetchGuildsOptions | undefined): Promise<Collection<string, OAuth2Guild>>', gave the following error.
    Argument of type 'string | undefined' is not assignable to parameter of type 'FetchGuildsOptions | undefined'.
      Type 'string' has no properties in common with type 'FetchGuildsOptions'.
server/services/discord.ts(57,3): error TS2322: Type 'Role | undefined' is not assignable to type 'Role'.
  Type 'undefined' is not assignable to type 'Role'.
server/services/logger.ts(1,26): error TS2724: '"winston"' has no exported member named 'Format'. Did you mean 'format'?
server/services/redis.ts(59,29): error TS2769: No overload matches this call.
  Overload 1 of 8, '(options: RedisOptions): Redis', gave the following error.
    Argument of type 'string | undefined' is not assignable to parameter of type 'RedisOptions'.
      Type 'undefined' is not assignable to type 'RedisOptions'.
        Type 'undefined' is not assignable to type 'CommonRedisOptions'.
  Overload 2 of 8, '(port: number): Redis', gave the following error.
    Argument of type 'string | undefined' is not assignable to parameter of type 'number'.
      Type 'undefined' is not assignable to type 'number'.
  Overload 3 of 8, '(path: string): Redis', gave the following error.
    Argument of type 'string | undefined' is not assignable to parameter of type 'string'.
      Type 'undefined' is not assignable to type 'string'.
server/services/redis.ts(80,25): error TS2322: Type 'Redis' is not assignable to type 'CompatibleRedisClient'.
  Types of property 'eval' are incompatible.
    Type '{ (script: string | Buffer<ArrayBufferLike>, numkeys: string | number, callback?: Callback<unknown> | undefined): Promise<unknown>; (...args: [script: ...]): Promise<...>; (script: string | Buffer<...>, numkeys: string | number, ...args: (string | ... 1 more ... | Buffer<...>)[]): Promise<...>; (...args: [script: .....' is not assignable to type '(args: EvalArg[], callback?: ((err: Error | null, res: any) => void) | undefined) => any'.
      Types of parameters 'script' and 'args' are incompatible.
        Type 'EvalArg[]' is not assignable to type 'string | Buffer<ArrayBufferLike>'.
          Type 'EvalArg[]' is missing the following properties from type 'Buffer<ArrayBufferLike>': subarray, write, toJSON, equals, and 73 more.
server/services/redis.ts(92,3): error TS2322: Type 'null' is not assignable to type 'Lock'.
server/services/redis.ts(111,2): error TS2322: Type 'string | null' is not assignable to type 'string'.
  Type 'null' is not assignable to type 'string'.
server/services/ses.ts(27,53): error TS2339: Property 'html' does not exist on type 'Promise<MJMLParseResults>'.
server/services/sitemap.ts(194,3): error TS2322: Type '({ user: { id: string; email: string; password: string; first_name: string; join_ip: string; join_country: string; admin: boolean; created_at: Date; last_name: string; username: string | null; ... 8 more ...; last_solve_at: Date | null; }; } & { ...; })[]' is not assignable to type 'Profile[]'.
  Type '{ user: { id: string; email: string; password: string; first_name: string; join_ip: string; join_country: string; admin: boolean; created_at: Date; last_name: string; username: string | null; ... 8 more ...; last_solve_at: Date | null; }; } & { ...; }' is not assignable to type 'Profile'.
    Types of property 'header_image_id' are incompatible.
      Type 'string | null' is not assignable to type 'string | undefined'.
        Type 'null' is not assignable to type 'string | undefined'.
server/services/sitemap.ts(220,6): error TS18048: 'profile.user' is possibly 'undefined'.
server/services/sitemap.ts(224,36): error TS18048: 'profile.user' is possibly 'undefined'.
server/services/sitemap.ts(237,10): error TS18048: 'profile.user' is possibly 'undefined'.
server/services/sitemap.ts(280,33): error TS18048: 'profile.user' is possibly 'undefined'.
server/services/storage.ts(24,9): error TS18048: 's3' is possibly 'undefined'.
server/services/storage.ts(38,9): error TS18048: 's3' is possibly 'undefined'.
server/services/stripe.ts(19,34): error TS2345: Argument of type 'string | undefined' is not assignable to parameter of type 'string'.
  Type 'undefined' is not assignable to type 'string'.
server/util/auth.ts(33,5): error TS2322: Type 'null' is not assignable to type 'Date | undefined'.
server/util/auth.ts(50,69): error TS2366: Function lacks ending return statement and return type does not include 'undefined'.
server/util/graphql_error.ts(12,9): error TS2345: Argument of type 'string | undefined' is not assignable to parameter of type 'string'.
  Type 'undefined' is not assignable to type 'string'.
server/util/image.ts(16,19): error TS2532: Object is possibly 'undefined'.
server/util/image.ts(38,4): error TS2345: Argument of type 'BufferListStream' is not assignable to parameter of type 'WritableStream'.
  Type 'BufferListStream' is missing the following properties from type 'WritableStream': writable, write, end, addListener, and 14 more.
server/util/pagination/paginated_response.ts(55,3): error TS2322: Type 'null' is not assignable to type 'PaginationOutput<T>'.
server/util/pro.ts(30,6): error TS2322: Type 'null' is not assignable to type 'SubscriptionData'.
server/util/pro.ts(93,20): error TS18048: 'user.profile' is possibly 'undefined'.
server/util/pro.ts(102,20): error TS18048: 'user.profile' is possibly 'undefined'.
server/util/pro.ts(105,36): error TS18048: 'user.profile' is possibly 'undefined'.
server/util/pro.ts(105,36): error TS2345: Argument of type 'string | undefined' is not assignable to parameter of type 'string'.
  Type 'undefined' is not assignable to type 'string'.
server/util/solve/solve_method.ts(143,57): error TS2345: Argument of type 'string[]' is not assignable to parameter of type 'string | SmartTurn[]'.
  Type 'string[]' is not assignable to type 'SmartTurn[]'.
    Type 'string' is not assignable to type 'SmartTurn'.
server/util/solve/solve_method.ts(160,57): error TS2345: Argument of type 'string[]' is not assignable to parameter of type 'string | SmartTurn[]'.
  Type 'string[]' is not assignable to type 'SmartTurn[]'.
    Type 'string' is not assignable to type 'SmartTurn'.
server/util/solve/solve_method.ts(215,35): error TS2345: Argument of type 'string[] | SmartTurn[]' is not assignable to parameter of type 'SmartTurn[]'.
  Type 'string[]' is not assignable to type 'SmartTurn[]'.
    Type 'string' is not assignable to type 'SmartTurn'.
server/util/solve/solve_method.ts(233,27): error TS2339: Property 'turns' does not exist on type 'never'.
server/util/solve/solve_method.ts(235,27): error TS2339: Property 'turns' does not exist on type 'never'.
server/util/validation.ts(17,26): error TS2345: Argument of type '400' is not assignable to parameter of type 'ErrorCode'.
server/webhooks/stripe.ts(18,47): error TS18046: 'err' is of type 'unknown'.
shared/colors.ts(63,3): error TS2322: Type 'undefined' is not assignable to type 'string'.
shared/solve.ts(5,9): error TS2790: The operand of a 'delete' operator must be optional.
shared/solve.ts(23,3): error TS2322: Type 'null' is not assignable to type 'string'.
